-- inet check
CREATE TABLE inettmp (a inet);
\copy inettmp from 'data/inet.data'
SET enable_seqscan=on;
SELECT count(*) FROM inettmp WHERE a <  '89.225.196.191';
 count 
-------
   213
(1 row)

SELECT count(*) FROM inettmp WHERE a <= '89.225.196.191';
 count 
-------
   214
(1 row)

SELECT count(*) FROM inettmp WHERE a  = '89.225.196.191';
 count 
-------
     1
(1 row)

SELECT count(*) FROM inettmp WHERE a >= '89.225.196.191';
 count 
-------
   389
(1 row)

SELECT count(*) FROM inettmp WHERE a >  '89.225.196.191';
 count 
-------
   388
(1 row)

SELECT count(*) FROM inettmp WHERE a >  '255.255.1.0/25';
 count 
-------
     1
(1 row)

CREATE INDEX inetidx ON inettmp USING gist ( a );
SET enable_seqscan=off;
SELECT count(*) FROM inettmp WHERE a <  '89.225.196.191'::inet;
 count 
-------
   213
(1 row)

SELECT count(*) FROM inettmp WHERE a <= '89.225.196.191'::inet;
 count 
-------
   214
(1 row)

SELECT count(*) FROM inettmp WHERE a  = '89.225.196.191'::inet;
 count 
-------
     1
(1 row)

SELECT count(*) FROM inettmp WHERE a >= '89.225.196.191'::inet;
 count 
-------
   389
(1 row)

SELECT count(*) FROM inettmp WHERE a >  '89.225.196.191'::inet;
 count 
-------
   388
(1 row)

SELECT count(*) FROM inettmp WHERE a >  '255.255.1.0/25'::inet;
 count 
-------
     1
(1 row)

VACUUM ANALYZE inettmp;
EXPLAIN (COSTS OFF)
SELECT count(*) FROM inettmp WHERE a  = '89.225.196.191'::inet;
                    QUERY PLAN                    
--------------------------------------------------
 Aggregate
   ->  Index Only Scan using inetidx on inettmp
         Index Cond: (a = '89.225.196.191'::inet)
(3 rows)

SELECT count(*) FROM inettmp WHERE a  = '89.225.196.191'::inet;
 count 
-------
     1
(1 row)

DROP INDEX inetidx;
CREATE INDEX ON inettmp USING gist (a gist_inet_ops, a inet_ops);
-- checks for core planner bug
EXPLAIN (COSTS OFF)
SELECT count(*) FROM inettmp WHERE a  = '89.225.196.191'::inet;
                       QUERY PLAN                        
---------------------------------------------------------
 Aggregate
   ->  Index Only Scan using inettmp_a_a1_idx on inettmp
         Index Cond: (a = '89.225.196.191'::inet)
(3 rows)

SELECT count(*) FROM inettmp WHERE a  = '89.225.196.191'::inet;
 count 
-------
     1
(1 row)

