-- Use ONLY plperlu tests here. For plperl/plerlu combined tests
-- see plperl_plperlu.sql
-- This test tests setting on_plperlu_init after loading plperl
LOAD 'plperl';
-- Test plperl.on_plperlu_init gets run
SET plperl.on_plperlu_init = '$_SHARED{init} = 42';
DO $$ warn $_SHARED{init} $$ language plperlu;
WARNING:  42 at line 1.
--
-- Test compilation of unicode regex - regardless of locale.
-- This code fails in plain plperl in a non-UTF8 database.
--
CREATE OR REPLACE FUNCTION perl_unicode_regex(text) RETURNS INTEGER AS $$
  return ($_[0] =~ /\x{263A}|happy/i) ? 1 : 0; # unicode smiley
$$ LANGUAGE plperlu;

-- croak from overload stringify after the sub returns.
CREATE TABLE overload_trig_test ();
CREATE FUNCTION overload_trig_stringify_die() RETURNS trigger AS $$
	use overload '""' => sub { die 'overload stringify died' };
	bless {};
$$ LANGUAGE plperlu;
CREATE TRIGGER overload_trig_stringify_die_trig BEFORE INSERT ON overload_trig_test
EXECUTE PROCEDURE overload_trig_stringify_die();
INSERT INTO overload_trig_test DEFAULT VALUES;
ERROR:  overload stringify died at line 2.
CONTEXT:  PL/Perl function "overload_trig_stringify_die"
