--
-- sample statements
--
-- top-level tracking - simple query protocol
SHOW pg_stat_statements.track;
 pg_stat_statements.track 
--------------------------
 top
(1 row)

SET pg_stat_statements.sample_rate = 0.0;
SELECT pg_stat_statements_reset() IS NOT NULL AS t;
 t 
---
 t
(1 row)

SELECT 1 AS "int";
 int 
-----
   1
(1 row)

SELECT query, calls FROM pg_stat_statements ORDER BY query COLLATE "C";
 query | calls 
-------+-------
(0 rows)

SET pg_stat_statements.sample_rate = 1.0;
SELECT 1 AS "int";
 int 
-----
   1
(1 row)

SELECT query, calls FROM pg_stat_statements ORDER BY query COLLATE "C";
       query        | calls 
--------------------+-------
 SELECT $1 AS "int" |     1
(1 row)

-- top-level tracking - extended query protocol
SET pg_stat_statements.sample_rate = 0.0;
SELECT pg_stat_statements_reset() IS NOT NULL AS t;
 t 
---
 t
(1 row)

SELECT 1 \parse stmt
\bind_named stmt \g
 ?column? 
----------
        1
(1 row)

SELECT query, calls FROM pg_stat_statements ORDER BY query COLLATE "C";
 query | calls 
-------+-------
(0 rows)

SET pg_stat_statements.sample_rate = 1.0;
\bind_named stmt \g
 ?column? 
----------
        1
(1 row)

SELECT query, calls FROM pg_stat_statements ORDER BY query COLLATE "C";
   query   | calls 
-----------+-------
 SELECT $1 |     1
(1 row)

SELECT pg_stat_statements_reset() IS NOT NULL AS t;
 t 
---
 t
(1 row)

DEALLOCATE stmt;
-- nested tracking - simple query protocol
SET pg_stat_statements.track = "all";
SELECT pg_stat_statements_reset() IS NOT NULL AS t;
 t 
---
 t
(1 row)

SET pg_stat_statements.sample_rate = 1;
EXPLAIN (COSTS OFF) SELECT 1;
 QUERY PLAN 
------------
 Result
(1 row)

EXPLAIN (COSTS OFF) SELECT 1;
 QUERY PLAN 
------------
 Result
(1 row)

SET pg_stat_statements.sample_rate = 0;
EXPLAIN (COSTS OFF) SELECT 1;
 QUERY PLAN 
------------
 Result
(1 row)

EXPLAIN (COSTS OFF) SELECT 1;
 QUERY PLAN 
------------
 Result
(1 row)

SELECT toplevel, calls, query FROM pg_stat_statements
  ORDER BY query COLLATE "C";
 toplevel | calls |                       query                        
----------+-------+----------------------------------------------------
 t        |     2 | EXPLAIN (COSTS OFF) SELECT $1
 f        |     2 | SELECT $1
 t        |     1 | SELECT pg_stat_statements_reset() IS NOT NULL AS t
 t        |     2 | SET pg_stat_statements.sample_rate = $1
(4 rows)

-- nested tracking - extended query protocol
SET pg_stat_statements.track = "all";
SELECT pg_stat_statements_reset() IS NOT NULL AS t;
 t 
---
 t
(1 row)

SET pg_stat_statements.sample_rate = 1;
EXPLAIN (COSTS OFF) SELECT 1; \parse stmt
 QUERY PLAN 
------------
 Result
(1 row)

\bind_named stmt \g
 QUERY PLAN 
------------
 Result
(1 row)

\bind_named stmt \g
 QUERY PLAN 
------------
 Result
(1 row)

SET pg_stat_statements.sample_rate = 0;
\bind_named stmt \g
 QUERY PLAN 
------------
 Result
(1 row)

\bind_named stmt \g
 QUERY PLAN 
------------
 Result
(1 row)

SELECT toplevel, calls, query FROM pg_stat_statements
  ORDER BY query COLLATE "C";
 toplevel | calls |                  query                  
----------+-------+-----------------------------------------
 t        |     2 | EXPLAIN (COSTS OFF) SELECT $1
 f        |     3 | SELECT $1
 t        |     1 | SET pg_stat_statements.sample_rate = $1
(3 rows)

