CREATE EXTENSION bool_plperl CASCADE;
NOTICE:  installing required extension "plperl"
--- test transforming from perl
CREATE FUNCTION perl2int(int) RETURNS bool
LANGUAGE plperl
TRANSFORM FOR TYPE bool
AS $$
return shift;
$$;
CREATE FUNCTION perl2text(text) RETURNS bool
LANGUAGE plperl
TRANSFORM FOR TYPE bool
AS $$
return shift;
$$;
CREATE FUNCTION perl2undef() RETURNS bool
LANGUAGE plperl
TRANSFORM FOR TYPE bool
AS $$
return undef;
$$;
SELECT perl2int(1);
 perl2int 
----------
 t
(1 row)

SELECT perl2int(0);
 perl2int 
----------
 f
(1 row)

SELECT perl2text('foo');
 perl2text 
-----------
 t
(1 row)

SELECT perl2text('');
 perl2text 
-----------
 f
(1 row)

SELECT perl2undef() IS NULL AS p;
 p 
---
 t
(1 row)

--- test transforming to perl
CREATE FUNCTION bool2perl(bool, bool, bool) RETURNS void
LANGUAGE plperl
TRANSFORM FOR TYPE bool, for type boolean  -- duplicate to test ruleutils
AS $$
my ($x, $y, $z) = @_;

die("NULL mistransformed") if (defined($z));
die("TRUE mistransformed to UNDEF") if (!defined($x));
die("FALSE mistransformed to UNDEF") if (!defined($y));
die("TRUE mistransformed") if (!$x);
die("FALSE mistransformed") if ($y);
$$;
SELECT bool2perl (true, false, NULL);
 bool2perl 
-----------
 
(1 row)

--- test ruleutils
\sf bool2perl
CREATE OR REPLACE FUNCTION public.bool2perl(boolean, boolean, boolean)
 RETURNS void
 TRANSFORM FOR TYPE boolean, FOR TYPE boolean
 LANGUAGE plperl
AS $function$
my ($x, $y, $z) = @_;

die("NULL mistransformed") if (defined($z));
die("TRUE mistransformed to UNDEF") if (!defined($x));
die("FALSE mistransformed to UNDEF") if (!defined($y));
die("TRUE mistransformed") if (!$x);
die("FALSE mistransformed") if ($y);
$function$
--- test selecting bool through SPI
CREATE FUNCTION spi_test()  RETURNS void
LANGUAGE plperl
TRANSFORM FOR TYPE bool
AS $$
my $rv = spi_exec_query('SELECT true t, false f, NULL n')->{rows}->[0];

die("TRUE mistransformed to UNDEF in SPI") if (!defined ($rv->{t}));
die("FALSE mistransformed to UNDEF in SPI") if (!defined ($rv->{f}));
die("NULL mistransformed in SPI") if (defined ($rv->{n}));
die("TRUE mistransformed in SPI") if (!$rv->{t});
die("FALSE mistransformed in SPI") if ($rv->{f});
$$;
SELECT spi_test();
 spi_test 
----------
 
(1 row)

-- Tied scalar whose FETCH returns a plain value.
CREATE FUNCTION perl_tie_ok() RETURNS bool
TRANSFORM FOR TYPE bool
LANGUAGE plperl
AS $perl$
  package BoolTieOk;
  sub TIESCALAR { return bless {}, shift; }
  sub FETCH { return 1; }
  package main;
  tie my $y, 'BoolTieOk';
  return $y;
$perl$;
SELECT perl_tie_ok();
 perl_tie_ok 
-------------
 t
(1 row)

-- Tied scalar whose FETCH returns another tied scalar.
CREATE FUNCTION perl_tie_recurse() RETURNS bool
TRANSFORM FOR TYPE bool
LANGUAGE plperl
AS $perl$
  package BoolTieRecurse;
  sub TIESCALAR { return bless {}, shift; }
  sub FETCH { my $x; tie $x, 'BoolTieRecurse'; return $x; }
  package main;
  tie my $y, 'BoolTieRecurse';
  return $y;
$perl$;
-- Pin the limit so the HINT does not depend on the installation default.
SET max_stack_depth = '100kB';
SELECT perl_tie_recurse();
ERROR:  stack depth limit exceeded
HINT:  Increase the configuration parameter "max_stack_depth" (currently 100kB), after ensuring the platform's stack depth limit is adequate.
CONTEXT:  PL/Perl function "perl_tie_recurse"
RESET max_stack_depth;
DROP EXTENSION plperl CASCADE;
NOTICE:  drop cascades to 8 other objects
DETAIL:  drop cascades to extension bool_plperl
drop cascades to function perl2int(integer)
drop cascades to function perl2text(text)
drop cascades to function perl2undef()
drop cascades to function bool2perl(boolean,boolean,boolean)
drop cascades to function spi_test()
drop cascades to function perl_tie_ok()
drop cascades to function perl_tie_recurse()
